src/app/components/AdminDashboard.tsx(23,3): error TS6133: 'Sparkles' is declared but its value is never read.
src/app/components/AdminDashboard.tsx(82,3): error TS6133: 'Avatar' is declared but its value is never read.
src/app/components/AdminDashboard.tsx(774,38): error TS2322: Type '{ children: (string | number)[]; fontWeight: string; }' is not assignable to type 'IntrinsicAttributes & TableCellProps'.
  Property 'fontWeight' does not exist on type 'IntrinsicAttributes & TableCellProps'.
src/app/components/AdminDashboard.tsx(811,70): error TS6133: 'i' is declared but its value is never read.
